AR clk_div behavioral "C:/Users/Evan Dinelli/Documents/GitHub/LAB8/code/Evan/working/robot_arm_control/clk_div.vhd" sub00/vhpl01 1366754153
EN pwm NULL "C:/Users/Evan Dinelli/Documents/GitHub/LAB8/code/Evan/working/robot_arm_control/pwm.vhd" sub00/vhpl02 1366754154
EN toplevel NULL "C:/Users/Evan Dinelli/Documents/GitHub/LAB8/Toplevel.vhd" sub00/vhpl04 1366754156
AR pwm behavioral "C:/Users/Evan Dinelli/Documents/GitHub/LAB8/code/Evan/working/robot_arm_control/pwm.vhd" sub00/vhpl03 1366754155
AR toplevel behavioral "C:/Users/Evan Dinelli/Documents/GitHub/LAB8/Toplevel.vhd" sub00/vhpl05 1366754157
EN clk_div NULL "C:/Users/Evan Dinelli/Documents/GitHub/LAB8/code/Evan/working/robot_arm_control/clk_div.vhd" sub00/vhpl00 1366754152
