EN dual_sweep NULL "C:/Users/Evan Dinelli/Documents/GitHub/LAB8/code/Evan/working/robot_arm_control/dual_sweep.vhd" sub00/vhpl10 1367879925
AR clk_div behavioral "C:/Users/Evan Dinelli/Documents/GitHub/LAB8/code/Evan/working/robot_arm_control/clk_div.vhd" sub00/vhpl01 1367879918
EN pwm NULL "C:/Users/Evan Dinelli/Documents/GitHub/LAB8/code/Evan/working/robot_arm_control/pwm.vhd" sub00/vhpl02 1367879919
AR debouncer behavioral "C:/Users/Evan Dinelli/Documents/GitHub/LAB8/code/Evan/working/robot_arm_control/debouncer.vhd" sub00/vhpl13 1367879928
AR combo3 behavioral "C:/Users/Evan Dinelli/Documents/GitHub/LAB8/code/Evan/working/robot_arm_control/combo3.vhd" sub00/vhpl09 1367879930
AR pwm behavioral "C:/Users/Evan Dinelli/Documents/GitHub/LAB8/code/Evan/working/robot_arm_control/pwm.vhd" sub00/vhpl03 1367879920
AR mode_generator behavioral "C:/Users/Evan Dinelli/Documents/GitHub/LAB8/code/Evan/working/robot_arm_control/mode_generator.vhd" sub00/vhpl07 1367879924
EN counter_8_bit NULL "C:/Users/Evan Dinelli/Documents/GitHub/LAB8/code/Evan/working/robot_arm_control/counter_8_bit.vhd" sub00/vhpl04 1367879921
EN debouncer NULL "C:/Users/Evan Dinelli/Documents/GitHub/LAB8/code/Evan/working/robot_arm_control/debouncer.vhd" sub00/vhpl12 1367879927
EN combo3 NULL "C:/Users/Evan Dinelli/Documents/GitHub/LAB8/code/Evan/working/robot_arm_control/combo3.vhd" sub00/vhpl08 1367879929
EN clk_div NULL "C:/Users/Evan Dinelli/Documents/GitHub/LAB8/code/Evan/working/robot_arm_control/clk_div.vhd" sub00/vhpl00 1367879917
AR counter_8_bit behavioral "C:/Users/Evan Dinelli/Documents/GitHub/LAB8/code/Evan/working/robot_arm_control/counter_8_bit.vhd" sub00/vhpl05 1367879922
AR dual_sweep behavioral "C:/Users/Evan Dinelli/Documents/GitHub/LAB8/code/Evan/working/robot_arm_control/dual_sweep.vhd" sub00/vhpl11 1367879926
EN mode_generator NULL "C:/Users/Evan Dinelli/Documents/GitHub/LAB8/code/Evan/working/robot_arm_control/mode_generator.vhd" sub00/vhpl06 1367879923
