V3 19
FL "C:/Users/Evan Dinelli/Documents/GitHub/LAB8/code/Evan/working/robot_arm_control/clk_div.vhd" 2013/04/28.18:19:13 M.53d
EN work/clk_div 1367685257 \
      FL "C:/Users/Evan Dinelli/Documents/GitHub/LAB8/code/Evan/working/robot_arm_control/clk_div.vhd" \
      PB ieee/std_logic_1164 1270894585
AR work/clk_div/Behavioral 1367685258 \
      FL "C:/Users/Evan Dinelli/Documents/GitHub/LAB8/code/Evan/working/robot_arm_control/clk_div.vhd" \
      EN work/clk_div 1367685257
FL "C:/Users/Evan Dinelli/Documents/GitHub/LAB8/code/Evan/working/robot_arm_control/combo3.vhd" 2013/05/04.11:34:15 M.53d
EN work/combo3 1367685265 \
      FL "C:/Users/Evan Dinelli/Documents/GitHub/LAB8/code/Evan/working/robot_arm_control/combo3.vhd" \
      PB ieee/std_logic_1164 1270894585 PB ieee/STD_LOGIC_UNSIGNED 1270894587
AR work/combo3/Behavioral 1367685266 \
      FL "C:/Users/Evan Dinelli/Documents/GitHub/LAB8/code/Evan/working/robot_arm_control/combo3.vhd" \
      EN work/combo3 1367685265 CP clk_div CP pwm CP counter_8_bit CP mode_generator
FL "C:/Users/Evan Dinelli/Documents/GitHub/LAB8/code/Evan/working/robot_arm_control/counter_8_bit.vhd" 2013/05/03.22:28:26 M.53d
EN work/counter_8_bit 1367685261 \
      FL "C:/Users/Evan Dinelli/Documents/GitHub/LAB8/code/Evan/working/robot_arm_control/counter_8_bit.vhd" \
      PB ieee/std_logic_1164 1270894585 PB ieee/STD_LOGIC_UNSIGNED 1270894587 \
      PB ieee/NUMERIC_STD 1270894586
AR work/counter_8_bit/Behavioral 1367685262 \
      FL "C:/Users/Evan Dinelli/Documents/GitHub/LAB8/code/Evan/working/robot_arm_control/counter_8_bit.vhd" \
      EN work/counter_8_bit 1367685261
FL "C:/Users/Evan Dinelli/Documents/GitHub/LAB8/code/Evan/working/robot_arm_control/mode_generator.vhd" 2013/05/03.22:29:05 M.53d
EN work/mode_generator 1367685263 \
      FL "C:/Users/Evan Dinelli/Documents/GitHub/LAB8/code/Evan/working/robot_arm_control/mode_generator.vhd" \
      PB ieee/std_logic_1164 1270894585
AR work/mode_generator/Behavioral 1367685264 \
      FL "C:/Users/Evan Dinelli/Documents/GitHub/LAB8/code/Evan/working/robot_arm_control/mode_generator.vhd" \
      EN work/mode_generator 1367685263
FL "C:/Users/Evan Dinelli/Documents/GitHub/LAB8/code/Evan/working/robot_arm_control/pwm.vhd" 2013/05/04.11:26:40 M.53d
EN work/pwm 1367685259 \
      FL "C:/Users/Evan Dinelli/Documents/GitHub/LAB8/code/Evan/working/robot_arm_control/pwm.vhd" \
      PB ieee/std_logic_1164 1270894585 PB ieee/STD_LOGIC_UNSIGNED 1270894587 \
      PB ieee/NUMERIC_STD 1270894586
AR work/pwm/Behavioral 1367685260 \
      FL "C:/Users/Evan Dinelli/Documents/GitHub/LAB8/code/Evan/working/robot_arm_control/pwm.vhd" \
      EN work/pwm 1367685259
